info: uninstalling toolchain 1.89.0-sbpf-solana-v1.52
info: toolchain 1.89.0-sbpf-solana-v1.52 uninstalled
   Compiling proc-macro2 v1.0.107
   Compiling quote v1.0.47
   Compiling unicode-ident v1.0.26
   Compiling hashbrown v0.17.1
   Compiling equivalent v1.0.2
   Compiling winnow v1.0.4
   Compiling toml_datetime v1.1.1+spec-1.1.0
   Compiling serde_core v1.0.229
   Compiling cfg_aliases v0.2.2
   Compiling once_cell v1.21.4
   Compiling serde v1.0.229
   Compiling five8_core v1.0.0
   Compiling solana-define-syscall v4.0.1
   Compiling borsh v1.8.1
   Compiling five8 v1.0.0
   Compiling solana-define-syscall v5.2.0
   Compiling sha2-const-stable v0.1.0
   Compiling five8_const v1.0.0
   Compiling solana-sanitize v3.0.1
   Compiling solana-atomic-u64 v3.0.1
   Compiling typenum v1.20.1
   Compiling autocfg v1.5.1
   Compiling thiserror v1.0.69
   Compiling cfg-if v1.0.5
   Compiling bs58 v0.5.1
   Compiling version_check v0.9.5
   Compiling solana-program-memory v3.1.0
   Compiling unicode-segmentation v1.13.3
   Compiling const-oid v0.10.2
   Compiling cpufeatures v0.2.17
   Compiling cpufeatures v0.3.1
   Compiling thiserror v2.0.21
   Compiling rustversion v1.0.23
   Compiling solana-msg v3.1.0
   Compiling indexmap v2.14.2
   Compiling heck v0.3.3
   Compiling feature-probe v0.1.1
   Compiling generic-array v0.14.7
   Compiling hybrid-array v0.4.15
   Compiling num-traits v0.2.19
   Compiling bv v0.11.1
   Compiling syn v3.0.6
   Compiling syn v2.0.119
   Compiling toml_parser v1.1.3+spec-1.1.0
   Compiling crypto-common v0.2.2
   Compiling block-buffer v0.12.1
   Compiling zmij v1.0.23
   Compiling block-buffer v0.10.4
   Compiling crypto-common v0.1.7
   Compiling solana-program-option v3.1.0
   Compiling digest v0.10.7
   Compiling anyhow v1.0.104
   Compiling toml_edit v0.25.15+spec-1.1.0
   Compiling sha2 v0.10.9
   Compiling solana-define-syscall v3.0.0
   Compiling base64 v0.22.1
   Compiling serde_json v1.0.151
   Compiling digest v0.11.3
   Compiling sha2 v0.11.0
   Compiling proc-macro-crate v3.5.0
   Compiling memchr v2.8.3
   Compiling log v0.4.34
   Compiling itoa v1.0.18
   Compiling lazy_static v1.5.1
   Compiling subtle v2.6.1
   Compiling serde_bytes v0.11.19
   Compiling keccak-const v0.2.0
   Compiling arrayref v0.3.9
   Compiling base64 v0.21.7
   Compiling const-crypto v0.3.0
   Compiling serde_derive v1.0.229
   Compiling bytemuck_derive v1.12.1
   Compiling borsh-derive v1.8.1
   Compiling thiserror-impl v2.0.21
   Compiling thiserror-impl v1.0.69
   Compiling solana-sdk-macro v3.0.1
   Compiling num_enum_derive v0.7.6
   Compiling num-derive v0.4.2
   Compiling anchor-attribute-access-control v1.2.0
   Compiling anchor-derive-space v1.2.0
   Compiling bytemuck v1.25.2
   Compiling solana-nullable v1.3.0
   Compiling solana-curve25519 v3.1.14
   Compiling num_enum v0.7.6
   Compiling spl-discriminator-syn v0.2.1
   Compiling spl-discriminator-derive v0.2.0
   Compiling solana-hash v4.7.0
   Compiling bincode v1.3.3
   Compiling solana-fee-calculator v3.4.0
   Compiling anchor-syn v1.2.0
   Compiling anchor-lang-idl-spec v0.1.0
   Compiling solana-sha256-hasher v3.1.0
   Compiling anchor-lang-idl v0.1.4
   Compiling solana-program-error v3.0.1
   Compiling solana-zero-copy v1.3.0
   Compiling solana-borsh v3.0.2
   Compiling solana-address v2.9.0
   Compiling solana-instruction-error v2.5.0
   Compiling spl-discriminator v0.5.2
   Compiling solana-program-pack v3.1.0
   Compiling solana-pubkey v4.4.0
   Compiling solana-sdk-ids v3.1.0
   Compiling solana-address v1.1.0
   Compiling solana-account-info v3.1.1
   Compiling solana-get-sysvar v1.0.0
   Compiling solana-instruction v4.0.0
   Compiling solana-serialize-utils v3.1.2
   Compiling solana-pubkey v3.0.0
   Compiling solana-program-entrypoint v3.1.1
   Compiling spl-type-length-value v0.9.1
   Compiling solana-sysvar-id v3.1.0
   Compiling solana-feature-gate-interface v3.1.0
   Compiling solana-clock v4.0.0
   Compiling solana-epoch-schedule v3.4.0
   Compiling solana-instruction v3.5.1
   Compiling solana-last-restart-slot v3.2.0
   Compiling solana-rent v3.1.0
   Compiling solana-stable-layout v3.0.1
   Compiling solana-instructions-sysvar v3.0.1
   Compiling solana-epoch-rewards v3.2.0
   Compiling solana-clock v3.2.1
   Compiling solana-slot-hashes v3.2.0
   Compiling solana-slot-history v3.2.0
   Compiling solana-cpi v3.1.0
   Compiling solana-system-interface v2.0.0
   Compiling solana-system-interface v3.3.0
   Compiling solana-invoke v0.5.0
   Compiling spl-token-group-interface v0.7.2
   Compiling spl-token-interface v2.0.0
   Compiling solana-sysvar v3.1.1
   Compiling spl-associated-token-account-interface v2.0.0
   Compiling solana-zk-sdk v4.0.0
   Compiling solana-stake-interface v2.0.2
   Compiling solana-loader-v3-interface v6.1.1
   Compiling spl-pod v0.7.4
   Compiling spl-token-metadata-interface v0.8.0
   Compiling spl-token-confidential-transfer-proof-extraction v0.5.1
   Compiling spl-token-2022-interface v2.1.0
   Compiling anchor-attribute-error v1.2.0
   Compiling anchor-attribute-event v1.2.0
   Compiling anchor-derive-accounts v1.2.0
   Compiling anchor-derive-serde v1.2.0
   Compiling anchor-attribute-account v1.2.0
   Compiling anchor-attribute-constant v1.2.0
   Compiling anchor-lang-error v1.2.0
   Compiling anchor-attribute-program v1.2.0
   Compiling anchor-lang v1.2.0
   Compiling anchor-spl v1.2.0
   Compiling basket-weighted-vault v0.1.0 (/home/lenovoankit/Strata-protocol/xau-carry-vault/programs/basket-weighted-vault)
warning: unexpected `cfg` condition value: `custom-heap`
 --> programs/basket-weighted-vault/src/lib.rs:8:1
  |
8 | #[program]
  | ^^^^^^^^^^
  |
  = note: expected values for `feature` are: `cpi`, `default`, `idl-build`, `no-entrypoint`, `no-idl`, and `no-log-ix-name`
  = note: using a cfg inside a macro will use the cfgs from the destination crate and not the ones from the defining crate
  = help: try referring to `$crate::custom_heap_default` crate for guidance on how handle this unexpected cfg
  = help: the macro `$crate::custom_heap_default` may come from an old version of the `solana_program_entrypoint` crate, try updating your dependency with `cargo update -p solana_program_entrypoint`
  = note: see <https://doc.rust-lang.org/nightly/rustc/check-cfg/cargo-specifics.html> for more information about checking conditional configuration
  = note: `#[warn(unexpected_cfgs)]` on by default
  = note: this warning originates in the macro `$crate::custom_heap_default` which comes from the expansion of the attribute macro `program` (in Nightly builds, run with -Z macro-backtrace for more info)

warning: unexpected `cfg` condition value: `custom-panic`
 --> programs/basket-weighted-vault/src/lib.rs:8:1
  |
8 | #[program]
  | ^^^^^^^^^^
  |
  = note: expected values for `feature` are: `cpi`, `default`, `idl-build`, `no-entrypoint`, `no-idl`, and `no-log-ix-name`
  = note: using a cfg inside a macro will use the cfgs from the destination crate and not the ones from the defining crate
  = help: try referring to `$crate::custom_panic_default` crate for guidance on how handle this unexpected cfg
  = help: the macro `$crate::custom_panic_default` may come from an old version of the `solana_program_entrypoint` crate, try updating your dependency with `cargo update -p solana_program_entrypoint`
  = note: see <https://doc.rust-lang.org/nightly/rustc/check-cfg/cargo-specifics.html> for more information about checking conditional configuration
  = note: this warning originates in the macro `$crate::custom_panic_default` which comes from the expansion of the attribute macro `program` (in Nightly builds, run with -Z macro-backtrace for more info)

warning: unexpected `cfg` condition value: `anchor-debug`
 --> programs/basket-weighted-vault/src/instructions/initialize_basket_config.rs:3:10
  |
3 | #[derive(Accounts)]
  |          ^^^^^^^^
  |
  = note: expected values for `feature` are: `cpi`, `default`, `idl-build`, `no-entrypoint`, `no-idl`, and `no-log-ix-name`
  = note: using a cfg inside a derive macro will use the cfgs from the destination crate and not the ones from the defining crate
  = help: try referring to `Accounts` crate for guidance on how handle this unexpected cfg
  = help: the derive macro `Accounts` may come from an old version of the `anchor_derive_accounts` crate, try updating your dependency with `cargo update -p anchor_derive_accounts`
  = note: see <https://doc.rust-lang.org/nightly/rustc/check-cfg/cargo-specifics.html> for more information about checking conditional configuration
  = note: this warning originates in the derive macro `Accounts` (in Nightly builds, run with -Z macro-backtrace for more info)

warning: unexpected `cfg` condition value: `anchor-debug`
 --> programs/basket-weighted-vault/src/instructions/deposit_to_basket_v2.rs:5:10
  |
5 | #[derive(Accounts)]
  |          ^^^^^^^^
  |
  = note: expected values for `feature` are: `cpi`, `default`, `idl-build`, `no-entrypoint`, `no-idl`, and `no-log-ix-name`
  = note: using a cfg inside a derive macro will use the cfgs from the destination crate and not the ones from the defining crate
  = help: try referring to `Accounts` crate for guidance on how handle this unexpected cfg
  = help: the derive macro `Accounts` may come from an old version of the `anchor_derive_accounts` crate, try updating your dependency with `cargo update -p anchor_derive_accounts`
  = note: see <https://doc.rust-lang.org/nightly/rustc/check-cfg/cargo-specifics.html> for more information about checking conditional configuration
  = note: this warning originates in the derive macro `Accounts` (in Nightly builds, run with -Z macro-backtrace for more info)

warning: unexpected `cfg` condition value: `anchor-debug`
 --> programs/basket-weighted-vault/src/lib.rs:8:1
  |
8 | #[program]
  | ^^^^^^^^^^
  |
  = note: expected values for `feature` are: `cpi`, `default`, `idl-build`, `no-entrypoint`, `no-idl`, and `no-log-ix-name`
  = note: using a cfg inside a attribute macro will use the cfgs from the destination crate and not the ones from the defining crate
  = help: try referring to `program` crate for guidance on how handle this unexpected cfg
  = help: the attribute macro `program` may come from an old version of the `anchor_attribute_program` crate, try updating your dependency with `cargo update -p anchor_attribute_program`
  = note: see <https://doc.rust-lang.org/nightly/rustc/check-cfg/cargo-specifics.html> for more information about checking conditional configuration
  = note: this warning originates in the attribute macro `program` (in Nightly builds, run with -Z macro-backtrace for more info)

error[E0308]: mismatched types
  --> programs/basket-weighted-vault/src/instructions/deposit_to_basket_v2.rs:72:17
   |
71 |             let cpi_ctx = CpiContext::new(
   |                           --------------- arguments to this function are incorrect
72 |                 ctx.accounts.token_program.to_account_info(),
   |                 ^^^^^^^^^^^^^^^^^^^^^^^^^^^^^^^^^^^^^^^^^^^^ expected `Pubkey`, found `AccountInfo<'_>`
   |
note: associated function defined here
  --> src/context.rs:188:11

For more information about this error, try `rustc --explain E0308`.
warning: `basket-weighted-vault` (lib) generated 5 warnings
error: could not compile `basket-weighted-vault` (lib) due to 1 previous error; 5 warnings emitted
